src/components/tubelight-navbar-demo.tsx(1,22): error TS6133: 'Briefcase' is declared but its value is never read.
src/components/ui/tubelight-navbar.tsx(3,8): error TS6133: 'React' is declared but its value is never read.
src/components/ui/tubelight-navbar.tsx(5,1): error TS6133: 'Link' is declared but its value is never read.
src/components/ui/tubelight-navbar.tsx(22,10): error TS6133: 'isMobile' is declared but its value is never read.
